// Jest Snapshot v1, https://goo.gl/fbAQLP

exports[`should render not found page componente 1`] = `
<div>
  404!  
  <Link
    replace={false}
    to="/"
  >
    Home Page
  </Link>
</div>
`;
